// Jest Snapshot v1, https://goo.gl/fbAQLP

exports[`Should render correctly without props 1`] = `
<ScoreIcon
  count={0}
  icon=""
/>
`;
