// Jest Snapshot v1, https://goo.gl/fbAQLP

exports[`Should render correctly with count 1`] = `
<div>
  <img />
  <span>
    1
  </span>
</div>
`;

exports[`Should render correctly with out props 1`] = `
<div>
  <img />
  <span>
    0
  </span>
</div>
`;
