// Jest Snapshot v1, https://goo.gl/fbAQLP

exports[`Should render correctly 1`] = `
<ScoreIcon
  count={0}
  icon=""
/>
`;
