// Jest Snapshot v1, https://goo.gl/fbAQLP

exports[`Should render correctly 1`] = `
<button
  className=""
  style={
    Object {
      "height": "40px",
      "width": "130px",
    }
  }
>
  <span>
    default
  </span>
</button>
`;
