// Jest Snapshot v1, https://goo.gl/fbAQLP

exports[`Should render correctly 1`] = `
<div>
  <span />
  <span>
    Invalid date
  </span>
  <CrudMenu
    handleEdit={[Function]}
    handleRemove={[Function]}
    id="0"
  />
</div>
`;
