// Jest Snapshot v1, https://goo.gl/fbAQLP

exports[`Should render correctly 1`] = `
<div
  className=""
>
  <div />
  <div>
    <div>
      <div>
        <img
          src=""
        />
      </div>
      <div>
        <span />
      </div>
      <div />
    </div>
  </div>
</div>
`;
